-- Automatically generated by SQLQueryTestSuite
-- Number of queries: 27


-- !query 0
select 1 = 1
-- !query 0 schema
struct<(1 = 1):boolean>
-- !query 0 output
true


-- !query 1
select 1 = '1'
-- !query 1 schema
struct<(1 = CAST(1 AS INT)):boolean>
-- !query 1 output
true


-- !query 2
select 1.0 = '1'
-- !query 2 schema
struct<(1.0 = CAST(1 AS DECIMAL(2,1))):boolean>
-- !query 2 output
true


-- !query 3
select 1 > '1'
-- !query 3 schema
struct<(1 > CAST(1 AS INT)):boolean>
-- !query 3 output
false


-- !query 4
select 2 > '1.0'
-- !query 4 schema
struct<(2 > CAST(1.0 AS INT)):boolean>
-- !query 4 output
true


-- !query 5
select 2 > '2.0'
-- !query 5 schema
struct<(2 > CAST(2.0 AS INT)):boolean>
-- !query 5 output
false


-- !query 6
select 2 > '2.2'
-- !query 6 schema
struct<(2 > CAST(2.2 AS INT)):boolean>
-- !query 6 output
false


-- !query 7
select to_date('2009-07-30 04:17:52') > to_date('2009-07-30 04:17:52')
-- !query 7 schema
struct<(to_date('2009-07-30 04:17:52') > to_date('2009-07-30 04:17:52')):boolean>
-- !query 7 output
false


-- !query 8
select to_date('2009-07-30 04:17:52') > '2009-07-30 04:17:52'
-- !query 8 schema
struct<(CAST(to_date('2009-07-30 04:17:52') AS STRING) > 2009-07-30 04:17:52):boolean>
-- !query 8 output
false


-- !query 9
select 1 >= '1'
-- !query 9 schema
struct<(1 >= CAST(1 AS INT)):boolean>
-- !query 9 output
true


-- !query 10
select 2 >= '1.0'
-- !query 10 schema
struct<(2 >= CAST(1.0 AS INT)):boolean>
-- !query 10 output
true


-- !query 11
select 2 >= '2.0'
-- !query 11 schema
struct<(2 >= CAST(2.0 AS INT)):boolean>
-- !query 11 output
true


-- !query 12
select 2.0 >= '2.2'
-- !query 12 schema
struct<(2.0 >= CAST(2.2 AS DECIMAL(2,1))):boolean>
-- !query 12 output
false


-- !query 13
select to_date('2009-07-30 04:17:52') >= to_date('2009-07-30 04:17:52')
-- !query 13 schema
struct<(to_date('2009-07-30 04:17:52') >= to_date('2009-07-30 04:17:52')):boolean>
-- !query 13 output
true


-- !query 14
select to_date('2009-07-30 04:17:52') >= '2009-07-30 04:17:52'
-- !query 14 schema
struct<(CAST(to_date('2009-07-30 04:17:52') AS STRING) >= 2009-07-30 04:17:52):boolean>
-- !query 14 output
false


-- !query 15
select 1 < '1'
-- !query 15 schema
struct<(1 < CAST(1 AS INT)):boolean>
-- !query 15 output
false


-- !query 16
select 2 < '1.0'
-- !query 16 schema
struct<(2 < CAST(1.0 AS INT)):boolean>
-- !query 16 output
false


-- !query 17
select 2 < '2.0'
-- !query 17 schema
struct<(2 < CAST(2.0 AS INT)):boolean>
-- !query 17 output
false


-- !query 18
select 2.0 < '2.2'
-- !query 18 schema
struct<(2.0 < CAST(2.2 AS DECIMAL(2,1))):boolean>
-- !query 18 output
true


-- !query 19
select to_date('2009-07-30 04:17:52') < to_date('2009-07-30 04:17:52')
-- !query 19 schema
struct<(to_date('2009-07-30 04:17:52') < to_date('2009-07-30 04:17:52')):boolean>
-- !query 19 output
false


-- !query 20
select to_date('2009-07-30 04:17:52') < '2009-07-30 04:17:52'
-- !query 20 schema
struct<(CAST(to_date('2009-07-30 04:17:52') AS STRING) < 2009-07-30 04:17:52):boolean>
-- !query 20 output
true


-- !query 21
select 1 <= '1'
-- !query 21 schema
struct<(1 <= CAST(1 AS INT)):boolean>
-- !query 21 output
true


-- !query 22
select 2 <= '1.0'
-- !query 22 schema
struct<(2 <= CAST(1.0 AS INT)):boolean>
-- !query 22 output
false


-- !query 23
select 2 <= '2.0'
-- !query 23 schema
struct<(2 <= CAST(2.0 AS INT)):boolean>
-- !query 23 output
true


-- !query 24
select 2.0 <= '2.2'
-- !query 24 schema
struct<(2.0 <= CAST(2.2 AS DECIMAL(2,1))):boolean>
-- !query 24 output
true


-- !query 25
select to_date('2009-07-30 04:17:52') <= to_date('2009-07-30 04:17:52')
-- !query 25 schema
struct<(to_date('2009-07-30 04:17:52') <= to_date('2009-07-30 04:17:52')):boolean>
-- !query 25 output
true


-- !query 26
select to_date('2009-07-30 04:17:52') <= '2009-07-30 04:17:52'
-- !query 26 schema
struct<(CAST(to_date('2009-07-30 04:17:52') AS STRING) <= 2009-07-30 04:17:52):boolean>
-- !query 26 output
true
